V3 3
FL "E:/College/6th Sem/DSD/DSD LAB/BCDto7Seg/BCD7Seg.vhd" 2018/03/29.09:02:18 I.24
EN work/BCD7Seg 1522294362         FL "E:/College/6th Sem/DSD/DSD LAB/BCDto7Seg/BCD7Seg.vhd" \
      PB ieee/std_logic_1164 1131108373 PB ieee/std_logic_arith 1131108375 \
      PB ieee/STD_LOGIC_UNSIGNED 1131108379
AR work/BCD7Seg/Behavioral 1522294363 \
      FL "E:/College/6th Sem/DSD/DSD LAB/BCDto7Seg/BCD7Seg.vhd" EN work/BCD7Seg 1522294362
