EN multiplexer NULL "E:/College/6th Sem/DSD/DSD LAB/MultiplexerBehavioral/Multiplexer.vhd" sub00/vhpl00 1517320942
AR muxwave testbench_arch "E:/College/6th Sem/DSD/DSD LAB/MultiplexerBehavioral/MuxWave.vhw" sub00/vhpl03 1517320945
AR multiplexer behavioral "E:/College/6th Sem/DSD/DSD LAB/MultiplexerBehavioral/Multiplexer.vhd" sub00/vhpl01 1517320943
EN muxwave NULL "E:/College/6th Sem/DSD/DSD LAB/MultiplexerBehavioral/MuxWave.vhw" sub00/vhpl02 1517320944
