EN decade NULL "E:/College/6th Sem/DSD/DSD LAB/3BitUpd/own/DecadeCounter/Decade.vhd" sub00/vhpl00 1523506160
EN decadewave NULL "E:/College/6th Sem/DSD/DSD LAB/3BitUpd/own/DecadeCounter/DecadeWave.vhw" sub00/vhpl02 1523506162
AR decadewave testbench_arch "E:/College/6th Sem/DSD/DSD LAB/3BitUpd/own/DecadeCounter/DecadeWave.vhw" sub00/vhpl03 1523506163
AR decade behavioral "E:/College/6th Sem/DSD/DSD LAB/3BitUpd/own/DecadeCounter/Decade.vhd" sub00/vhpl01 1523506161
