AR piso1 behavioral "E:/College/6th Sem/DSD/DSD LAB/PISO/PISO.vhd" sub00/vhpl03 1524107541
EN piso NULL "E:/College/6th Sem/DSD/DSD LAB/PISO/PISO.vhd" sub00/vhpl00 1524108209
EN piso1 NULL "E:/College/6th Sem/DSD/DSD LAB/PISO/PISO.vhd" sub00/vhpl02 1524107540
AR piso behavioral "E:/College/6th Sem/DSD/DSD LAB/PISO/PISO.vhd" sub00/vhpl01 1524108210
