V3 3
FL "E:/College/6th Sem/DSD/DSD LAB/PISO/PISO.vhd" 2018/04/19.08:50:05 I.24
EN work/PISO 1524108209            FL "E:/College/6th Sem/DSD/DSD LAB/PISO/PISO.vhd" \
      PB ieee/std_logic_1164 1131108373 PB ieee/std_logic_arith 1131108375 \
      PB ieee/STD_LOGIC_UNSIGNED 1131108379
AR work/PISO/Behavioral 1524108210 FL "E:/College/6th Sem/DSD/DSD LAB/PISO/PISO.vhd" \
      EN work/PISO 1524108209
