EN fullsubtractor NULL "E:/College/6th Sem/DSD LAB/FullSubtractorVHDL/FullSubtractor.vhd" sub00/vhpl00 1515941990
AR fs_wave testbench_arch "E:/College/6th Sem/DSD LAB/FullSubtractorVHDL/FS_Wave.vhw" sub00/vhpl03 1515942267
AR fullsubtractor behavioral "E:/College/6th Sem/DSD LAB/FullSubtractorVHDL/FullSubtractor.vhd" sub00/vhpl01 1515941991
EN fs_wave NULL "E:/College/6th Sem/DSD LAB/FullSubtractorVHDL/FS_Wave.vhw" sub00/vhpl02 1515942266
