EN multiplexerdataflow NULL "E:/College/6th Sem/DSD/DSD LAB/Multiplexer/MultiplexerDataflow.vhd" sub00/vhpl00 1517320368
AR multiplexerdataflow behavioral "E:/College/6th Sem/DSD/DSD LAB/Multiplexer/MultiplexerDataflow.vhd" sub00/vhpl01 1517320369
AR multiplexerbehavioral behavioral "E:/College/6th Sem/DSD/DSD LAB/Multiplexer/MultiplexerBehavioral.vhd" sub00/vhpl03 1517320379
EN multiplexerbehavioral NULL "E:/College/6th Sem/DSD/DSD LAB/Multiplexer/MultiplexerBehavioral.vhd" sub00/vhpl02 1517320378
