Release 8.1i - xst I.24
Copyright (c) 1995-2005 Xilinx, Inc.  All rights reserved.
--> Parameter TMPDIR set to ./xst/projnav.tmp
CPU : 0.00 / 0.25 s | Elapsed : 0.00 / 0.00 s
 
--> Parameter xsthdpdir set to ./xst
CPU : 0.00 / 0.25 s | Elapsed : 0.00 / 0.00 s
 
--> Reading design: SISO.prj

TABLE OF CONTENTS
  1) Synthesis Options Summary
  2) HDL Compilation
  3) HDL Analysis
  4) HDL Synthesis
     4.1) HDL Synthesis Report
  5) Advanced HDL Synthesis
     5.1) Advanced HDL Synthesis Report
  6) Low Level Synthesis
  7) Final Report
     7.1) Device utilization summary
     7.2) TIMING REPORT


=========================================================================
*                      Synthesis Options Summary                        *
=========================================================================
---- Source Parameters
Input File Name                    : "SISO.prj"
Input Format                       : mixed
Ignore Synthesis Constraint File   : NO

---- Target Parameters
Output File Name                   : "SISO"
Output Format                      : NGC
Target Device                      : xa3s50-4-vqg100

---- Source Options
Top Module Name                    : SISO
Automatic FSM Extraction           : YES
FSM Encoding Algorithm             : Auto
FSM Style                          : lut
RAM Extraction                     : Yes
RAM Style                          : Auto
ROM Extraction                     : Yes
Mux Style                          : Auto
Decoder Extraction                 : YES
Priority Encoder Extraction        : YES
Shift Register Extraction          : YES
Logical Shifter Extraction         : YES
XOR Collapsing                     : YES
ROM Style                          : Auto
Mux Extraction                     : YES
Resource Sharing                   : YES
Multiplier Style                   : auto
Automatic Register Balancing       : No

---- Target Options
Add IO Buffers                     : YES
Global Maximum Fanout              : 500
Add Generic Clock Buffer(BUFG)     : 8
Register Duplication               : YES
Slice Packing                      : YES
Pack IO Registers into IOBs        : auto
Equivalent register Removal        : YES

---- General Options
Optimization Goal                  : Speed
Optimization Effort                : 1
Keep Hierarchy                     : NO
RTL Output                         : Yes
Global Optimization                : AllClockNets
Write Timing Constraints           : NO
Hierarchy Separator                : /
Bus Delimiter                      : <>
Case Specifier                     : maintain
Slice Utilization Ratio            : 100
Slice Utilization Ratio Delta      : 5

---- Other Options
lso                                : SISO.lso
Read Cores                         : YES
cross_clock_analysis               : NO
verilog2001                        : YES
safe_implementation                : No
Optimize Instantiated Primitives   : NO
use_clock_enable                   : Yes
use_sync_set                       : Yes
use_sync_reset                     : Yes

=========================================================================


=========================================================================
*                          HDL Compilation                              *
=========================================================================
Compiling vhdl file "E:/College/6th Sem/DSD/DSD LAB/SISO/SISO.vhd" in Library work.
Architecture behavioral of Entity siso is up to date.

=========================================================================
*                            HDL Analysis                               *
=========================================================================
Analyzing Entity <SISO> (Architecture <behavioral>).
INFO:Xst:1749 - "E:/College/6th Sem/DSD/DSD LAB/SISO/SISO.vhd" line 46: report: illegal
Entity <SISO> analyzed. Unit <SISO> generated.


=========================================================================
*                           HDL Synthesis                               *
=========================================================================

Synthesizing Unit <SISO>.
    Related source file is "E:/College/6th Sem/DSD/DSD LAB/SISO/SISO.vhd".
INFO:Xst:1608 - Relative priorities of control signals on register <temp> differ from those commonly found in the selected device family. This will result in additional logic around the register.
    Found 4-bit register for signal <temp>.
    Summary:
	inferred   4 D-type flip-flop(s).
Unit <SISO> synthesized.


=========================================================================
HDL Synthesis Report

Macro Statistics
# Registers                                            : 1
 4-bit register                                        : 1

=========================================================================

=========================================================================
*                       Advanced HDL Synthesis                          *
=========================================================================


Synthesizing (advanced) Unit <SISO>.
INFO:Xst:2387 - HDL ADVISOR - A 4-bit shift register was found for signal <temp<0>> and currently occupies 4 logic cells (2 slices). Removing the set/reset logic would take advantage of SRL16 (and derived) primitives and reduce this to 1 logic cells (1 slices). Evaluate if the set/reset can be removed for this simple shift register. The majority of simple pipeline structures do not need to be set/reset operationally.
Unit <SISO> synthesized (advanced).

Synthesizing (advanced) Unit <SISO>.
INFO:Xst:2387 - HDL ADVISOR - A 4-bit shift register was found for signal <temp<0>> and currently occupies 4 logic cells (2 slices). Removing the set/reset logic would take advantage of SRL16 (and derived) primitives and reduce this to 1 logic cells (1 slices). Evaluate if the set/reset can be removed for this simple shift register. The majority of simple pipeline structures do not need to be set/reset operationally.
Unit <SISO> synthesized (advanced).

=========================================================================
Advanced HDL Synthesis Report

Macro Statistics
# Registers                                            : 4
 Flip-Flops                                            : 4

=========================================================================

=========================================================================
*                         Low Level Synthesis                           *
=========================================================================
Loading device for application Rf_Device from file '3s50.nph' in environment C:\Xilinx.

Optimizing unit <SISO> ...

Mapping all equations...
Building and optimizing final netlist ...
Found area constraint ratio of 100 (+ 5) on block SISO, actual ratio is 0.

=========================================================================
*                            Final Report                               *
=========================================================================
Final Results
RTL Top Level Output File Name     : SISO.ngr
Top Level Output File Name         : SISO
Output Format                      : NGC
Optimization Goal                  : Speed
Keep Hierarchy                     : NO

Design Statistics
# IOs                              : 5

Cell Usage :
# BELS                             : 3
#      LUT2                        : 3
# FlipFlops/Latches                : 4
#      FDCPE                       : 4
# Clock Buffers                    : 1
#      BUFGP                       : 1
# IO Buffers                       : 4
#      IBUF                        : 3
#      OBUF                        : 1
=========================================================================

Device utilization summary:
---------------------------

Selected Device : xa3s50vqg100-4 

 Number of Slices:                       2  out of    768     0%  
 Number of Slice Flip Flops:             4  out of   1536     0%  
 Number of 4 input LUTs:                 3  out of   1536     0%  
 Number of bonded IOBs:                  5  out of     63     7%  
 Number of GCLKs:                        1  out of      8    12%  


=========================================================================
TIMING REPORT

NOTE: THESE TIMING NUMBERS ARE ONLY A SYNTHESIS ESTIMATE.
      FOR ACCURATE TIMING INFORMATION PLEASE REFER TO THE TRACE REPORT
      GENERATED AFTER PLACE-and-ROUTE.

Clock Information:
------------------
-----------------------------------+------------------------+-------+
Clock Signal                       | Clock buffer(FF name)  | Load  |
-----------------------------------+------------------------+-------+
CLK                                | BUFGP                  | 4     |
-----------------------------------+------------------------+-------+

Timing Summary:
---------------
Speed Grade: -4

   Minimum period: 1.724ns (Maximum Frequency: 580.046MHz)
   Minimum input arrival time before clock: 4.137ns
   Maximum output required time after clock: 7.165ns
   Maximum combinational path delay: No path found

Timing Detail:
--------------
All values displayed in nanoseconds (ns)

=========================================================================
Timing constraint: Default period analysis for Clock 'CLK'
  Clock period: 1.724ns (frequency: 580.046MHz)
  Total number of paths / destination ports: 3 / 3
-------------------------------------------------------------------------
Delay:               1.724ns (Levels of Logic = 0)
  Source:            temp_1 (FF)
  Destination:       temp_0 (FF)
  Source Clock:      CLK rising
  Destination Clock: CLK rising

  Data Path: temp_1 to temp_0
                                Gate     Net
    Cell:in->out      fanout   Delay   Delay  Logical Name (Net Name)
    ----------------------------------------  ------------
     FDCPE:C->Q            1   0.720   0.801  temp_1 (temp_1)
     FDCPE:D                   0.203          temp_0
    ----------------------------------------
    Total                      1.724ns (0.923ns logic, 0.801ns route)
                                       (53.5% logic, 46.5% route)

=========================================================================
Timing constraint: Default OFFSET IN BEFORE for Clock 'CLK'
  Total number of paths / destination ports: 9 / 5
-------------------------------------------------------------------------
Offset:              4.137ns (Levels of Logic = 2)
  Source:            CLR (PAD)
  Destination:       temp_0 (FF)
  Destination Clock: CLK rising

  Data Path: CLR to temp_0
                                Gate     Net
    Cell:in->out      fanout   Delay   Delay  Logical Name (Net Name)
    ----------------------------------------  ------------
     IBUF:I->O             3   0.821   1.246  CLR_IBUF (CLR_IBUF)
     LUT2:I0->O            4   0.551   0.917  _n00041 (_n0004)
     FDCPE:CE                  0.602          temp_0
    ----------------------------------------
    Total                      4.137ns (1.974ns logic, 2.163ns route)
                                       (47.7% logic, 52.3% route)

=========================================================================
Timing constraint: Default OFFSET OUT AFTER for Clock 'CLK'
  Total number of paths / destination ports: 1 / 1
-------------------------------------------------------------------------
Offset:              7.165ns (Levels of Logic = 1)
  Source:            temp_0 (FF)
  Destination:       SOUT (PAD)
  Source Clock:      CLK rising

  Data Path: temp_0 to SOUT
                                Gate     Net
    Cell:in->out      fanout   Delay   Delay  Logical Name (Net Name)
    ----------------------------------------  ------------
     FDCPE:C->Q            1   0.720   0.801  temp_0 (temp_0)
     OBUF:I->O                 5.644          SOUT_OBUF (SOUT)
    ----------------------------------------
    Total                      7.165ns (6.364ns logic, 0.801ns route)
                                       (88.8% logic, 11.2% route)

=========================================================================
CPU : 5.47 / 5.94 s | Elapsed : 5.00 / 5.00 s
 
--> 

Total memory usage is 226116 kilobytes

Number of errors   :    0 (   0 filtered)
Number of warnings :    0 (   0 filtered)
Number of infos    :    4 (   0 filtered)

