AR pipo behavioral "E:/College/6th Sem/DSD/DSD LAB/PIPO/PIPO.vhd" sub00/vhpl01 1522899303
AR pipowave testbench_arch "E:/College/6th Sem/DSD/DSD LAB/PIPO/PIPOwave.vhw" sub00/vhpl03 1522899859
EN pipowave NULL "E:/College/6th Sem/DSD/DSD LAB/PIPO/PIPOwave.vhw" sub00/vhpl02 1522899858
EN pipo NULL "E:/College/6th Sem/DSD/DSD LAB/PIPO/PIPO.vhd" sub00/vhpl00 1522899302
