V3 3
FL "E:/College/6th Sem/DSD/DSD LAB/3BitUpd/own/3BitUpDown/3BitUpDown.vhd" 2018/04/12.08:52:08 I.24
EN work/UpDownCounter 1523504237 \
      FL "E:/College/6th Sem/DSD/DSD LAB/3BitUpd/own/3BitUpDown/3BitUpDown.vhd" \
      PB ieee/std_logic_1164 1131108373 PB ieee/std_logic_arith 1131108375 \
      PB ieee/STD_LOGIC_UNSIGNED 1131108379
AR work/UpDownCounter/Behavioral 1523504238 \
      FL "E:/College/6th Sem/DSD/DSD LAB/3BitUpd/own/3BitUpDown/3BitUpDown.vhd" \
      EN work/UpDownCounter 1523504237
