V3 3
FL "E:/College/6th Sem/DSD/DSD LAB/SISO/SISO.vhd" 2018/04/05.08:47:01 I.24
EN work/SISO 1522898879            FL "E:/College/6th Sem/DSD/DSD LAB/SISO/SISO.vhd" \
      PB ieee/std_logic_1164 1131108373 PB ieee/std_logic_arith 1131108375 \
      PB ieee/STD_LOGIC_UNSIGNED 1131108379
AR work/SISO/Behavioral 1522898880 FL "E:/College/6th Sem/DSD/DSD LAB/SISO/SISO.vhd" \
      EN work/SISO 1522898879
