V3 3
FL "E:/College/6th Sem/DSD/DSD LAB/3BitUpd/own/DecadeCounter/Decade.vhd" 2018/04/12.09:38:08 I.24
EN work/Decade 1523506090 \
      FL "E:/College/6th Sem/DSD/DSD LAB/3BitUpd/own/DecadeCounter/Decade.vhd" \
      PB ieee/std_logic_1164 1131108373 PB ieee/std_logic_arith 1131108375 \
      PB ieee/STD_LOGIC_UNSIGNED 1131108379
AR work/Decade/Behavioral 1523506091 \
      FL "E:/College/6th Sem/DSD/DSD LAB/3BitUpd/own/DecadeCounter/Decade.vhd" \
      EN work/Decade 1523506090
