V3 3
FL "E:/College/6th Sem/DSD/DSD LAB/BinarytoGray/BinaryGray.vhd" 2018/02/08.08:41:36 I.24
EN work/BinaryGray 1518248739      FL "E:/College/6th Sem/DSD/DSD LAB/BinarytoGray/BinaryGray.vhd" \
      PB ieee/std_logic_1164 1131108373 PB ieee/std_logic_arith 1131108375 \
      PB ieee/STD_LOGIC_UNSIGNED 1131108379
AR work/BinaryGray/BG 1518248740 \
      FL "E:/College/6th Sem/DSD/DSD LAB/BinarytoGray/BinaryGray.vhd" \
      EN work/BinaryGray 1518248739
