V3 3
FL "E:/College/6th Sem/DSD/DSD LAB/Encoder/Encoder.vhd" 2018/02/01.09:16:22 I.24
EN work/Encoder 1517917697         FL "E:/College/6th Sem/DSD/DSD LAB/Encoder/Encoder.vhd" \
      PB ieee/std_logic_1164 1131108373
AR work/Encoder/Behavioral 1517917698 FL "E:/College/6th Sem/DSD/DSD LAB/Encoder/Encoder.vhd" \
      EN work/Encoder 1517917697
