AR vhdlfulladder behavioral "E:/College/6th Sem/DSD/DSD LAB/FullAdderVHDL/VHDLFullAdder.vhd" sub00/vhpl01 1524712367
EN vhdlfulladder NULL "E:/College/6th Sem/DSD/DSD LAB/FullAdderVHDL/VHDLFullAdder.vhd" sub00/vhpl00 1524712366
EN vhdltestbench_vhd NULL "E:/College/6th Sem/DSD/DSD LAB/FullAdderVHDL/VHDLTestBench.vhd" sub00/vhpl02 1524712368
AR vhdltestbench_vhd behavior "E:/College/6th Sem/DSD/DSD LAB/FullAdderVHDL/VHDLTestBench.vhd" sub00/vhpl03 1524712369
