EN multiplexerdataflow NULL "E:/College/6th Sem/DSD/DSD LAB/Multiplexer/MultiplexerDataflow.vhd" sub00/vhpl00 1517146568
AR multiplexerdataflow behavioral "E:/College/6th Sem/DSD/DSD LAB/Multiplexer/MultiplexerDataflow.vhd" sub00/vhpl01 1517146569
EN muxdatawave NULL "E:/College/6th Sem/DSD/DSD LAB/Multiplexer/MuxDataWave.vhw" sub00/vhpl02 1517146922
AR muxdatawave testbench_arch "E:/College/6th Sem/DSD/DSD LAB/Multiplexer/MuxDataWave.vhw" sub00/vhpl03 1517146923
