V3 3
FL "E:/College/6th Sem/DSD/DSD LAB/PriorityEncoder/Encoder.vhd" 2018/02/01.09:29:02 I.24
EN work/Encoder 1517918071         FL "E:/College/6th Sem/DSD/DSD LAB/PriorityEncoder/Encoder.vhd" \
      PB ieee/std_logic_1164 1131108373 PB ieee/std_logic_arith 1131108375 \
      PB ieee/STD_LOGIC_UNSIGNED 1131108379
AR work/Encoder/Behavioral 1517918072 \
      FL "E:/College/6th Sem/DSD/DSD LAB/PriorityEncoder/Encoder.vhd" \
      EN work/Encoder 1517918071
