EN dwave NULL "E:/College/6th Sem/DSD/DSD LAB/DFlipFlop/DWave.vhw" sub00/vhpl02 1521689911
AR dwave testbench_arch "E:/College/6th Sem/DSD/DSD LAB/DFlipFlop/DWave.vhw" sub00/vhpl03 1521689912
EN d NULL "E:/College/6th Sem/DSD/DSD LAB/DFlipFlop/D.vhd" sub00/vhpl00 1521689909
AR d behavioral "E:/College/6th Sem/DSD/DSD LAB/DFlipFlop/D.vhd" sub00/vhpl01 1521689910
