V3 3
FL "E:/College/6th Sem/DSD/DSD LAB/MultiplexerBehavioral/Multiplexer.vhd" 2018/01/30.19:26:52 I.24
EN work/Multiplexer 1517320886 \
      FL "E:/College/6th Sem/DSD/DSD LAB/MultiplexerBehavioral/Multiplexer.vhd" \
      PB ieee/std_logic_1164 1131108373 PB ieee/std_logic_arith 1131108375 \
      PB ieee/STD_LOGIC_UNSIGNED 1131108379
AR work/Multiplexer/Behavioral 1517320887 \
      FL "E:/College/6th Sem/DSD/DSD LAB/MultiplexerBehavioral/Multiplexer.vhd" \
      EN work/Multiplexer 1517320886
