AR andgate func "E:/College/6th Sem/DSD/DSD LAB/DeMux/Structural.vhd" sub00/vhpl02 1517415526
EN notgate NULL "E:/College/6th Sem/DSD/DSD LAB/DeMux/Structural.vhd" sub00/vhpl03 1517413619
AR notgate func "E:/College/6th Sem/DSD/DSD LAB/DeMux/Structural.vhd" sub00/vhpl04 1517415527
AR structural func "E:/College/6th Sem/DSD/DSD LAB/DeMux/Structural.vhd" sub00/vhpl07 1517415525
EN demux_4_to_1 NULL "E:/College/6th Sem/DSD/DSD LAB/DeMux/Structural.vhd" sub00/vhpl05 1517412612
EN andgate NULL "E:/College/6th Sem/DSD/DSD LAB/DeMux/Structural.vhd" sub00/vhpl01 1517413617
EN structural NULL "E:/College/6th Sem/DSD/DSD LAB/DeMux/Structural.vhd" sub00/vhpl00 1517415524
AR demux_4_to_1 func "E:/College/6th Sem/DSD/DSD LAB/DeMux/Structural.vhd" sub00/vhpl06 1517412613
